INFO - 2026-05-07 01:49:44 --> Session: Class initialized using 'CodeIgniter\Session\Handlers\FileHandler' driver.
INFO - 2026-05-07 01:49:45 --> Session: Class initialized using 'CodeIgniter\Session\Handlers\FileHandler' driver.
ERROR - 2026-05-07 01:50:04 --> Error connecting to the database: mysqli_sql_exception: Access denied for user 'root'@'localhost' (using password: NO) in C:\laragon\www\patients\system\Database\MySQLi\Connection.php:187
Stack trace:
#0 C:\laragon\www\patients\system\Database\MySQLi\Connection.php(187): mysqli->real_connect('localhost', 'root', '', 'patients', 3306, '', 0)
#1 C:\laragon\www\patients\system\Database\BaseConnection.php(421): CodeIgniter\Database\MySQLi\Connection->connect(false)
#2 C:\laragon\www\patients\system\Database\BaseConnection.php(616): CodeIgniter\Database\BaseConnection->initialize()
#3 C:\laragon\www\patients\system\Database\BaseBuilder.php(1644): CodeIgniter\Database\BaseConnection->query('SELECT *\nFROM `...', Array, false)
#4 C:\laragon\www\patients\system\Model.php(330): CodeIgniter\Database\BaseBuilder->get()
#5 C:\laragon\www\patients\system\BaseModel.php(714): CodeIgniter\Model->doFirst()
#6 C:\laragon\www\patients\app\Models\PersonalModel.php(25): CodeIgniter\BaseModel->first()
#7 C:\laragon\www\patients\app\Controllers\AuthController.php(34): App\Models\PersonalModel->findByUsername('Usuario1')
#8 C:\laragon\www\patients\system\CodeIgniter.php(933): App\Controllers\AuthController->attempt()
#9 C:\laragon\www\patients\system\CodeIgniter.php(509): CodeIgniter\CodeIgniter->runController(Object(App\Controllers\AuthController))
#10 C:\laragon\www\patients\system\CodeIgniter.php(355): CodeIgniter\CodeIgniter->handleRequest(NULL, Object(Config\Cache), false)
#11 C:\laragon\www\patients\system\Boot.php(325): CodeIgniter\CodeIgniter->run()
#12 C:\laragon\www\patients\system\Boot.php(67): CodeIgniter\Boot::runCodeIgniter(Object(CodeIgniter\CodeIgniter))
#13 C:\laragon\www\patients\index.php(56): CodeIgniter\Boot::bootWeb(Object(Config\Paths))
#14 {main}

Next CodeIgniter\Database\Exceptions\DatabaseException: Access denied for user '****'@'localhost' (using password: NO) in C:\laragon\www\patients\system\Database\MySQLi\Connection.php:231
Stack trace:
#0 C:\laragon\www\patients\system\Database\BaseConnection.php(421): CodeIgniter\Database\MySQLi\Connection->connect(false)
#1 C:\laragon\www\patients\system\Database\BaseConnection.php(616): CodeIgniter\Database\BaseConnection->initialize()
#2 C:\laragon\www\patients\system\Database\BaseBuilder.php(1644): CodeIgniter\Database\BaseConnection->query('SELECT *\nFROM `...', Array, false)
#3 C:\laragon\www\patients\system\Model.php(330): CodeIgniter\Database\BaseBuilder->get()
#4 C:\laragon\www\patients\system\BaseModel.php(714): CodeIgniter\Model->doFirst()
#5 C:\laragon\www\patients\app\Models\PersonalModel.php(25): CodeIgniter\BaseModel->first()
#6 C:\laragon\www\patients\app\Controllers\AuthController.php(34): App\Models\PersonalModel->findByUsername('Usuario1')
#7 C:\laragon\www\patients\system\CodeIgniter.php(933): App\Controllers\AuthController->attempt()
#8 C:\laragon\www\patients\system\CodeIgniter.php(509): CodeIgniter\CodeIgniter->runController(Object(App\Controllers\AuthController))
#9 C:\laragon\www\patients\system\CodeIgniter.php(355): CodeIgniter\CodeIgniter->handleRequest(NULL, Object(Config\Cache), false)
#10 C:\laragon\www\patients\system\Boot.php(325): CodeIgniter\CodeIgniter->run()
#11 C:\laragon\www\patients\system\Boot.php(67): CodeIgniter\Boot::runCodeIgniter(Object(CodeIgniter\CodeIgniter))
#12 C:\laragon\www\patients\index.php(56): CodeIgniter\Boot::bootWeb(Object(Config\Paths))
#13 {main}
CRITICAL - 2026-05-07 01:50:04 --> CodeIgniter\Database\Exceptions\DatabaseException: Unable to connect to the database.
Main connection [MySQLi]: Access denied for user '****'@'localhost' (using password: NO)
[Method: POST, Route: login]
in SYSTEMPATH\Database\BaseConnection.php on line 467.
 1 SYSTEMPATH\Database\BaseConnection.php(616): CodeIgniter\Database\BaseConnection->initialize()
 2 SYSTEMPATH\Database\BaseBuilder.php(1644): CodeIgniter\Database\BaseConnection->query('SELECT *
FROM `personal`
WHERE `username_per` = :username_per:
 LIMIT 1', [...], false)
 3 SYSTEMPATH\Model.php(330): CodeIgniter\Database\BaseBuilder->get()
 4 SYSTEMPATH\BaseModel.php(714): CodeIgniter\Model->doFirst()
 5 APPPATH\Models\PersonalModel.php(25): CodeIgniter\BaseModel->first()
 6 APPPATH\Controllers\AuthController.php(34): App\Models\PersonalModel->findByUsername('Usuario1')
 7 SYSTEMPATH\CodeIgniter.php(933): App\Controllers\AuthController->attempt()
 8 SYSTEMPATH\CodeIgniter.php(509): CodeIgniter\CodeIgniter->runController(Object(App\Controllers\AuthController))
 9 SYSTEMPATH\CodeIgniter.php(355): CodeIgniter\CodeIgniter->handleRequest(null, Object(Config\Cache), false)
10 SYSTEMPATH\Boot.php(325): CodeIgniter\CodeIgniter->run()
11 SYSTEMPATH\Boot.php(67): CodeIgniter\Boot::runCodeIgniter(Object(CodeIgniter\CodeIgniter))
12 FCPATH\index.php(56): CodeIgniter\Boot::bootWeb(Object(Config\Paths))
INFO - 2026-05-07 01:50:56 --> Session: Class initialized using 'CodeIgniter\Session\Handlers\FileHandler' driver.
ERROR - 2026-05-07 01:51:01 --> Error connecting to the database: mysqli_sql_exception: Access denied for user 'root'@'localhost' (using password: NO) in C:\laragon\www\patients\system\Database\MySQLi\Connection.php:187
Stack trace:
#0 C:\laragon\www\patients\system\Database\MySQLi\Connection.php(187): mysqli->real_connect('localhost', 'root', '', 'patients', 3306, '', 0)
#1 C:\laragon\www\patients\system\Database\BaseConnection.php(421): CodeIgniter\Database\MySQLi\Connection->connect(false)
#2 C:\laragon\www\patients\system\Database\BaseConnection.php(616): CodeIgniter\Database\BaseConnection->initialize()
#3 C:\laragon\www\patients\system\Database\BaseBuilder.php(1644): CodeIgniter\Database\BaseConnection->query('SELECT *\nFROM `...', Array, false)
#4 C:\laragon\www\patients\system\Model.php(330): CodeIgniter\Database\BaseBuilder->get()
#5 C:\laragon\www\patients\system\BaseModel.php(714): CodeIgniter\Model->doFirst()
#6 C:\laragon\www\patients\app\Models\PersonalModel.php(25): CodeIgniter\BaseModel->first()
#7 C:\laragon\www\patients\app\Controllers\AuthController.php(34): App\Models\PersonalModel->findByUsername('Usuario1')
#8 C:\laragon\www\patients\system\CodeIgniter.php(933): App\Controllers\AuthController->attempt()
#9 C:\laragon\www\patients\system\CodeIgniter.php(509): CodeIgniter\CodeIgniter->runController(Object(App\Controllers\AuthController))
#10 C:\laragon\www\patients\system\CodeIgniter.php(355): CodeIgniter\CodeIgniter->handleRequest(NULL, Object(Config\Cache), false)
#11 C:\laragon\www\patients\system\Boot.php(325): CodeIgniter\CodeIgniter->run()
#12 C:\laragon\www\patients\system\Boot.php(67): CodeIgniter\Boot::runCodeIgniter(Object(CodeIgniter\CodeIgniter))
#13 C:\laragon\www\patients\index.php(56): CodeIgniter\Boot::bootWeb(Object(Config\Paths))
#14 {main}

Next CodeIgniter\Database\Exceptions\DatabaseException: Access denied for user '****'@'localhost' (using password: NO) in C:\laragon\www\patients\system\Database\MySQLi\Connection.php:231
Stack trace:
#0 C:\laragon\www\patients\system\Database\BaseConnection.php(421): CodeIgniter\Database\MySQLi\Connection->connect(false)
#1 C:\laragon\www\patients\system\Database\BaseConnection.php(616): CodeIgniter\Database\BaseConnection->initialize()
#2 C:\laragon\www\patients\system\Database\BaseBuilder.php(1644): CodeIgniter\Database\BaseConnection->query('SELECT *\nFROM `...', Array, false)
#3 C:\laragon\www\patients\system\Model.php(330): CodeIgniter\Database\BaseBuilder->get()
#4 C:\laragon\www\patients\system\BaseModel.php(714): CodeIgniter\Model->doFirst()
#5 C:\laragon\www\patients\app\Models\PersonalModel.php(25): CodeIgniter\BaseModel->first()
#6 C:\laragon\www\patients\app\Controllers\AuthController.php(34): App\Models\PersonalModel->findByUsername('Usuario1')
#7 C:\laragon\www\patients\system\CodeIgniter.php(933): App\Controllers\AuthController->attempt()
#8 C:\laragon\www\patients\system\CodeIgniter.php(509): CodeIgniter\CodeIgniter->runController(Object(App\Controllers\AuthController))
#9 C:\laragon\www\patients\system\CodeIgniter.php(355): CodeIgniter\CodeIgniter->handleRequest(NULL, Object(Config\Cache), false)
#10 C:\laragon\www\patients\system\Boot.php(325): CodeIgniter\CodeIgniter->run()
#11 C:\laragon\www\patients\system\Boot.php(67): CodeIgniter\Boot::runCodeIgniter(Object(CodeIgniter\CodeIgniter))
#12 C:\laragon\www\patients\index.php(56): CodeIgniter\Boot::bootWeb(Object(Config\Paths))
#13 {main}
CRITICAL - 2026-05-07 01:51:01 --> CodeIgniter\Database\Exceptions\DatabaseException: Unable to connect to the database.
Main connection [MySQLi]: Access denied for user '****'@'localhost' (using password: NO)
[Method: POST, Route: login]
in SYSTEMPATH\Database\BaseConnection.php on line 467.
 1 SYSTEMPATH\Database\BaseConnection.php(616): CodeIgniter\Database\BaseConnection->initialize()
 2 SYSTEMPATH\Database\BaseBuilder.php(1644): CodeIgniter\Database\BaseConnection->query('SELECT *
FROM `personal`
WHERE `username_per` = :username_per:
 LIMIT 1', [...], false)
 3 SYSTEMPATH\Model.php(330): CodeIgniter\Database\BaseBuilder->get()
 4 SYSTEMPATH\BaseModel.php(714): CodeIgniter\Model->doFirst()
 5 APPPATH\Models\PersonalModel.php(25): CodeIgniter\BaseModel->first()
 6 APPPATH\Controllers\AuthController.php(34): App\Models\PersonalModel->findByUsername('Usuario1')
 7 SYSTEMPATH\CodeIgniter.php(933): App\Controllers\AuthController->attempt()
 8 SYSTEMPATH\CodeIgniter.php(509): CodeIgniter\CodeIgniter->runController(Object(App\Controllers\AuthController))
 9 SYSTEMPATH\CodeIgniter.php(355): CodeIgniter\CodeIgniter->handleRequest(null, Object(Config\Cache), false)
10 SYSTEMPATH\Boot.php(325): CodeIgniter\CodeIgniter->run()
11 SYSTEMPATH\Boot.php(67): CodeIgniter\Boot::runCodeIgniter(Object(CodeIgniter\CodeIgniter))
12 FCPATH\index.php(56): CodeIgniter\Boot::bootWeb(Object(Config\Paths))
INFO - 2026-05-07 01:51:10 --> Session: Class initialized using 'CodeIgniter\Session\Handlers\FileHandler' driver.
ERROR - 2026-05-07 01:51:14 --> Error connecting to the database: mysqli_sql_exception: Access denied for user 'root'@'localhost' (using password: NO) in C:\laragon\www\patients\system\Database\MySQLi\Connection.php:187
Stack trace:
#0 C:\laragon\www\patients\system\Database\MySQLi\Connection.php(187): mysqli->real_connect('localhost', 'root', '', 'patients', 3306, '', 0)
#1 C:\laragon\www\patients\system\Database\BaseConnection.php(421): CodeIgniter\Database\MySQLi\Connection->connect(false)
#2 C:\laragon\www\patients\system\Database\BaseConnection.php(616): CodeIgniter\Database\BaseConnection->initialize()
#3 C:\laragon\www\patients\system\Database\BaseBuilder.php(1644): CodeIgniter\Database\BaseConnection->query('SELECT *\nFROM `...', Array, false)
#4 C:\laragon\www\patients\system\Model.php(330): CodeIgniter\Database\BaseBuilder->get()
#5 C:\laragon\www\patients\system\BaseModel.php(714): CodeIgniter\Model->doFirst()
#6 C:\laragon\www\patients\app\Models\PersonalModel.php(25): CodeIgniter\BaseModel->first()
#7 C:\laragon\www\patients\app\Controllers\AuthController.php(34): App\Models\PersonalModel->findByUsername('a')
#8 C:\laragon\www\patients\system\CodeIgniter.php(933): App\Controllers\AuthController->attempt()
#9 C:\laragon\www\patients\system\CodeIgniter.php(509): CodeIgniter\CodeIgniter->runController(Object(App\Controllers\AuthController))
#10 C:\laragon\www\patients\system\CodeIgniter.php(355): CodeIgniter\CodeIgniter->handleRequest(NULL, Object(Config\Cache), false)
#11 C:\laragon\www\patients\system\Boot.php(325): CodeIgniter\CodeIgniter->run()
#12 C:\laragon\www\patients\system\Boot.php(67): CodeIgniter\Boot::runCodeIgniter(Object(CodeIgniter\CodeIgniter))
#13 C:\laragon\www\patients\index.php(56): CodeIgniter\Boot::bootWeb(Object(Config\Paths))
#14 {main}

Next CodeIgniter\Database\Exceptions\DatabaseException: Access denied for user '****'@'localhost' (using password: NO) in C:\laragon\www\patients\system\Database\MySQLi\Connection.php:231
Stack trace:
#0 C:\laragon\www\patients\system\Database\BaseConnection.php(421): CodeIgniter\Database\MySQLi\Connection->connect(false)
#1 C:\laragon\www\patients\system\Database\BaseConnection.php(616): CodeIgniter\Database\BaseConnection->initialize()
#2 C:\laragon\www\patients\system\Database\BaseBuilder.php(1644): CodeIgniter\Database\BaseConnection->query('SELECT *\nFROM `...', Array, false)
#3 C:\laragon\www\patients\system\Model.php(330): CodeIgniter\Database\BaseBuilder->get()
#4 C:\laragon\www\patients\system\BaseModel.php(714): CodeIgniter\Model->doFirst()
#5 C:\laragon\www\patients\app\Models\PersonalModel.php(25): CodeIgniter\BaseModel->first()
#6 C:\laragon\www\patients\app\Controllers\AuthController.php(34): App\Models\PersonalModel->findByUsername('a')
#7 C:\laragon\www\patients\system\CodeIgniter.php(933): App\Controllers\AuthController->attempt()
#8 C:\laragon\www\patients\system\CodeIgniter.php(509): CodeIgniter\CodeIgniter->runController(Object(App\Controllers\AuthController))
#9 C:\laragon\www\patients\system\CodeIgniter.php(355): CodeIgniter\CodeIgniter->handleRequest(NULL, Object(Config\Cache), false)
#10 C:\laragon\www\patients\system\Boot.php(325): CodeIgniter\CodeIgniter->run()
#11 C:\laragon\www\patients\system\Boot.php(67): CodeIgniter\Boot::runCodeIgniter(Object(CodeIgniter\CodeIgniter))
#12 C:\laragon\www\patients\index.php(56): CodeIgniter\Boot::bootWeb(Object(Config\Paths))
#13 {main}
CRITICAL - 2026-05-07 01:51:14 --> CodeIgniter\Database\Exceptions\DatabaseException: Unable to connect to the database.
Main connection [MySQLi]: Access denied for user '****'@'localhost' (using password: NO)
[Method: POST, Route: login]
in SYSTEMPATH\Database\BaseConnection.php on line 467.
 1 SYSTEMPATH\Database\BaseConnection.php(616): CodeIgniter\Database\BaseConnection->initialize()
 2 SYSTEMPATH\Database\BaseBuilder.php(1644): CodeIgniter\Database\BaseConnection->query('SELECT *
FROM `personal`
WHERE `username_per` = :username_per:
 LIMIT 1', [...], false)
 3 SYSTEMPATH\Model.php(330): CodeIgniter\Database\BaseBuilder->get()
 4 SYSTEMPATH\BaseModel.php(714): CodeIgniter\Model->doFirst()
 5 APPPATH\Models\PersonalModel.php(25): CodeIgniter\BaseModel->first()
 6 APPPATH\Controllers\AuthController.php(34): App\Models\PersonalModel->findByUsername('a')
 7 SYSTEMPATH\CodeIgniter.php(933): App\Controllers\AuthController->attempt()
 8 SYSTEMPATH\CodeIgniter.php(509): CodeIgniter\CodeIgniter->runController(Object(App\Controllers\AuthController))
 9 SYSTEMPATH\CodeIgniter.php(355): CodeIgniter\CodeIgniter->handleRequest(null, Object(Config\Cache), false)
10 SYSTEMPATH\Boot.php(325): CodeIgniter\CodeIgniter->run()
11 SYSTEMPATH\Boot.php(67): CodeIgniter\Boot::runCodeIgniter(Object(CodeIgniter\CodeIgniter))
12 FCPATH\index.php(56): CodeIgniter\Boot::bootWeb(Object(Config\Paths))
INFO - 2026-05-07 01:53:14 --> Session: Class initialized using 'CodeIgniter\Session\Handlers\FileHandler' driver.
INFO - 2026-05-07 01:53:18 --> Session: Class initialized using 'CodeIgniter\Session\Handlers\FileHandler' driver.
INFO - 2026-05-07 01:53:18 --> Session: Class initialized using 'CodeIgniter\Session\Handlers\FileHandler' driver.
INFO - 2026-05-07 01:53:24 --> Session: Class initialized using 'CodeIgniter\Session\Handlers\FileHandler' driver.
INFO - 2026-05-07 01:53:24 --> Session: Class initialized using 'CodeIgniter\Session\Handlers\FileHandler' driver.
INFO - 2026-05-07 01:53:30 --> Session: Class initialized using 'CodeIgniter\Session\Handlers\FileHandler' driver.
INFO - 2026-05-07 01:53:30 --> Session: Class initialized using 'CodeIgniter\Session\Handlers\FileHandler' driver.
INFO - 2026-05-07 01:54:00 --> Session: Class initialized using 'CodeIgniter\Session\Handlers\FileHandler' driver.
INFO - 2026-05-07 01:54:00 --> Session: Class initialized using 'CodeIgniter\Session\Handlers\FileHandler' driver.
INFO - 2026-05-07 01:54:05 --> Session: Class initialized using 'CodeIgniter\Session\Handlers\FileHandler' driver.
INFO - 2026-05-07 01:54:07 --> Session: Class initialized using 'CodeIgniter\Session\Handlers\FileHandler' driver.
INFO - 2026-05-07 01:54:08 --> Session: Class initialized using 'CodeIgniter\Session\Handlers\FileHandler' driver.
INFO - 2026-05-07 01:54:14 --> Session: Class initialized using 'CodeIgniter\Session\Handlers\FileHandler' driver.
INFO - 2026-05-07 01:54:14 --> Session: Class initialized using 'CodeIgniter\Session\Handlers\FileHandler' driver.
INFO - 2026-05-07 01:54:58 --> Session: Class initialized using 'CodeIgniter\Session\Handlers\FileHandler' driver.
INFO - 2026-05-07 01:55:00 --> Session: Class initialized using 'CodeIgniter\Session\Handlers\FileHandler' driver.
INFO - 2026-05-07 01:55:08 --> Session: Class initialized using 'CodeIgniter\Session\Handlers\FileHandler' driver.
INFO - 2026-05-07 01:55:26 --> Session: Class initialized using 'CodeIgniter\Session\Handlers\FileHandler' driver.
INFO - 2026-05-07 01:55:30 --> Session: Class initialized using 'CodeIgniter\Session\Handlers\FileHandler' driver.
